// Jest Snapshot v1, https://goo.gl/fbAQLP

exports[`Test in ViewCharacterPage component should render component correctly 1`] = `
<div>
  <div
    class="main-content mb-5"
  >
    
    <div
      class="image-header-div"
    >
      <button
        class="back-button back-button-decoration"
        type="button"
      >
        <svg
          aria-hidden="true"
          class="svg-inline--fa fa-chevron-left fa-w-10 "
          data-icon="chevron-left"
          data-prefix="fas"
          focusable="false"
          role="img"
          viewBox="0 0 320 512"
          xmlns="http://www.w3.org/2000/svg"
        >
          <path
            d="M34.52 239.03L228.87 44.69c9.37-9.37 24.57-9.37 33.94 0l22.67 22.67c9.36 9.36 9.37 24.52.04 33.9L131.49 256l154.02 154.75c9.34 9.38 9.32 24.54-.04 33.9l-22.67 22.67c-9.37 9.37-24.57 9.37-33.94 0L34.52 272.97c-9.37-9.37-9.37-24.57 0-33.94z"
            fill="currentColor"
          />
        </svg>
         
        Back
      </button>
      <h1
        class="image-header-title"
      >
        spiderman
      </h1>
    </div>
    <div
      class="char-description fade-in"
    >
      <div
        class="char-image"
        style="background-image: url(path/portrait_uncanny.jpg);"
      />
      <div
        class="char-info"
      >
        <p
          class="char-description-p"
        >
          description
        </p>
        <p
          class="char-extra-title"
        >
          Learn more about spiderman
        </p>
        <div
          class="char-extra-div"
        >
          <a
            class="char-extra-button"
            href="http://marvel.com/characters/2854/adam_warlock?utm_campaign=apiRef&utm_source=10dea460449717d1dce670f173fe30b9"
            rel="noopener noreferrer"
            target="_blank"
          >
            detail
          </a>
          <a
            class="char-extra-button"
            href="http://marvel.com/universe/Warlock,_Adam?utm_campaign=apiRef&utm_source=10dea460449717d1dce670f173fe30b9"
            rel="noopener noreferrer"
            target="_blank"
          >
            wiki
          </a>
        </div>
      </div>
    </div>
    <div
      class="actions-title-div"
    >
      <p
        class="actions-title"
      >
        Actions:
      </p>
    </div>
    <div
      class="actions-menu"
    >
      <button
        class="action-btn add-bookmark"
        type="button"
      >
        <svg
          aria-hidden="true"
          class="svg-inline--fa fa-bookmark fa-w-12 "
          data-icon="bookmark"
          data-prefix="far"
          focusable="false"
          role="img"
          viewBox="0 0 384 512"
          xmlns="http://www.w3.org/2000/svg"
        >
          <path
            d="M336 0H48C21.49 0 0 21.49 0 48v464l192-112 192 112V48c0-26.51-21.49-48-48-48zm0 428.43l-144-84-144 84V54a6 6 0 0 1 6-6h276c3.314 0 6 2.683 6 5.996V428.43z"
            fill="currentColor"
          />
        </svg>
         
        Add bookmark
      </button>
      <button
        class="action-btn hide-item"
        type="button"
      >
        <svg
          aria-hidden="true"
          class="svg-inline--fa fa-eye-slash fa-w-20 "
          data-icon="eye-slash"
          data-prefix="fas"
          focusable="false"
          role="img"
          viewBox="0 0 640 512"
          xmlns="http://www.w3.org/2000/svg"
        >
          <path
            d="M320 400c-75.85 0-137.25-58.71-142.9-133.11L72.2 185.82c-13.79 17.3-26.48 35.59-36.72 55.59a32.35 32.35 0 0 0 0 29.19C89.71 376.41 197.07 448 320 448c26.91 0 52.87-4 77.89-10.46L346 397.39a144.13 144.13 0 0 1-26 2.61zm313.82 58.1l-110.55-85.44a331.25 331.25 0 0 0 81.25-102.07 32.35 32.35 0 0 0 0-29.19C550.29 135.59 442.93 64 320 64a308.15 308.15 0 0 0-147.32 37.7L45.46 3.37A16 16 0 0 0 23 6.18L3.37 31.45A16 16 0 0 0 6.18 53.9l588.36 454.73a16 16 0 0 0 22.46-2.81l19.64-25.27a16 16 0 0 0-2.82-22.45zm-183.72-142l-39.3-30.38A94.75 94.75 0 0 0 416 256a94.76 94.76 0 0 0-121.31-92.21A47.65 47.65 0 0 1 304 192a46.64 46.64 0 0 1-1.54 10l-73.61-56.89A142.31 142.31 0 0 1 320 112a143.92 143.92 0 0 1 144 144c0 21.63-5.29 41.79-13.9 60.11z"
            fill="currentColor"
          />
        </svg>
         
        Hide item
      </button>
    </div>
    <div
      class="related-items-div fade-in"
    >
      <h3
        class="related-items-title"
      >
        Comics
      </h3>
      <ol
        class="custom-ol"
      >
        <li
          class="custom-li"
        >
          Spiderman Comic
        </li>
      </ol>
    </div>
    <div
      class="related-items-div fade-in"
    >
      <h3
        class="related-items-title"
      >
        Stories
      </h3>
      <ol
        class="custom-ol"
      >
        <li
          class="custom-li"
        >
          Spiderman Story
        </li>
      </ol>
    </div>
  </div>
</div>
`;
